------------------------------------------------------------
TimeQuest Timing Analyzer Summary
------------------------------------------------------------

Type  : Slow 1200mV 85C Model Setup 'u_PLL50|altpll_component|auto_generated|pll1|clk[0]'
Slack : 2.374
TNS   : 0.000

Type  : Slow 1200mV 85C Model Setup 'Clk50'
Slack : 15.653
TNS   : 0.000

Type  : Slow 1200mV 85C Model Hold 'u_PLL50|altpll_component|auto_generated|pll1|clk[0]'
Slack : 0.324
TNS   : 0.000

Type  : Slow 1200mV 85C Model Hold 'Clk50'
Slack : 0.363
TNS   : 0.000

Type  : Slow 1200mV 85C Model Minimum Pulse Width 'u_PLL50|altpll_component|auto_generated|pll1|clk[0]'
Slack : 4.727
TNS   : 0.000

Type  : Slow 1200mV 85C Model Minimum Pulse Width 'Clk50'
Slack : 9.669
TNS   : 0.000

Type  : Slow 1200mV 0C Model Setup 'u_PLL50|altpll_component|auto_generated|pll1|clk[0]'
Slack : 3.553
TNS   : 0.000

Type  : Slow 1200mV 0C Model Setup 'Clk50'
Slack : 16.058
TNS   : 0.000

Type  : Slow 1200mV 0C Model Hold 'u_PLL50|altpll_component|auto_generated|pll1|clk[0]'
Slack : 0.294
TNS   : 0.000

Type  : Slow 1200mV 0C Model Hold 'Clk50'
Slack : 0.336
TNS   : 0.000

Type  : Slow 1200mV 0C Model Minimum Pulse Width 'u_PLL50|altpll_component|auto_generated|pll1|clk[0]'
Slack : 4.714
TNS   : 0.000

Type  : Slow 1200mV 0C Model Minimum Pulse Width 'Clk50'
Slack : 9.688
TNS   : 0.000

Type  : Fast 1200mV 0C Model Setup 'u_PLL50|altpll_component|auto_generated|pll1|clk[0]'
Slack : 6.120
TNS   : 0.000

Type  : Fast 1200mV 0C Model Setup 'Clk50'
Slack : 17.909
TNS   : 0.000

Type  : Fast 1200mV 0C Model Hold 'u_PLL50|altpll_component|auto_generated|pll1|clk[0]'
Slack : 0.147
TNS   : 0.000

Type  : Fast 1200mV 0C Model Hold 'Clk50'
Slack : 0.159
TNS   : 0.000

Type  : Fast 1200mV 0C Model Minimum Pulse Width 'u_PLL50|altpll_component|auto_generated|pll1|clk[0]'
Slack : 4.779
TNS   : 0.000

Type  : Fast 1200mV 0C Model Minimum Pulse Width 'Clk50'
Slack : 9.470
TNS   : 0.000

------------------------------------------------------------
