------------------------------------------------------------
TimeQuest Timing Analyzer Summary
------------------------------------------------------------

Type  : Slow 1200mV 85C Model Setup 'u_PLL50|altpll_component|auto_generated|pll1|clk[0]'
Slack : 4.845
TNS   : 0.000

Type  : Slow 1200mV 85C Model Setup 'Clk50'
Slack : 15.945
TNS   : 0.000

Type  : Slow 1200mV 85C Model Setup 'altera_reserved_tck'
Slack : 43.374
TNS   : 0.000

Type  : Slow 1200mV 85C Model Hold 'altera_reserved_tck'
Slack : 0.244
TNS   : 0.000

Type  : Slow 1200mV 85C Model Hold 'u_PLL50|altpll_component|auto_generated|pll1|clk[0]'
Slack : 0.284
TNS   : 0.000

Type  : Slow 1200mV 85C Model Hold 'Clk50'
Slack : 0.361
TNS   : 0.000

Type  : Slow 1200mV 85C Model Recovery 'u_PLL50|altpll_component|auto_generated|pll1|clk[0]'
Slack : 6.949
TNS   : 0.000

Type  : Slow 1200mV 85C Model Recovery 'altera_reserved_tck'
Slack : 95.699
TNS   : 0.000

Type  : Slow 1200mV 85C Model Removal 'altera_reserved_tck'
Slack : 0.916
TNS   : 0.000

Type  : Slow 1200mV 85C Model Removal 'u_PLL50|altpll_component|auto_generated|pll1|clk[0]'
Slack : 2.484
TNS   : 0.000

Type  : Slow 1200mV 85C Model Minimum Pulse Width 'u_PLL50|altpll_component|auto_generated|pll1|clk[0]'
Slack : 4.662
TNS   : 0.000

Type  : Slow 1200mV 85C Model Minimum Pulse Width 'Clk50'
Slack : 9.672
TNS   : 0.000

Type  : Slow 1200mV 85C Model Minimum Pulse Width 'altera_reserved_tck'
Slack : 49.496
TNS   : 0.000

Type  : Slow 1200mV 0C Model Setup 'u_PLL50|altpll_component|auto_generated|pll1|clk[0]'
Slack : 5.318
TNS   : 0.000

Type  : Slow 1200mV 0C Model Setup 'Clk50'
Slack : 16.317
TNS   : 0.000

Type  : Slow 1200mV 0C Model Setup 'altera_reserved_tck'
Slack : 44.006
TNS   : 0.000

Type  : Slow 1200mV 0C Model Hold 'altera_reserved_tck'
Slack : 0.225
TNS   : 0.000

Type  : Slow 1200mV 0C Model Hold 'u_PLL50|altpll_component|auto_generated|pll1|clk[0]'
Slack : 0.268
TNS   : 0.000

Type  : Slow 1200mV 0C Model Hold 'Clk50'
Slack : 0.335
TNS   : 0.000

Type  : Slow 1200mV 0C Model Recovery 'u_PLL50|altpll_component|auto_generated|pll1|clk[0]'
Slack : 7.206
TNS   : 0.000

Type  : Slow 1200mV 0C Model Recovery 'altera_reserved_tck'
Slack : 96.103
TNS   : 0.000

Type  : Slow 1200mV 0C Model Removal 'altera_reserved_tck'
Slack : 0.845
TNS   : 0.000

Type  : Slow 1200mV 0C Model Removal 'u_PLL50|altpll_component|auto_generated|pll1|clk[0]'
Slack : 2.245
TNS   : 0.000

Type  : Slow 1200mV 0C Model Minimum Pulse Width 'u_PLL50|altpll_component|auto_generated|pll1|clk[0]'
Slack : 4.676
TNS   : 0.000

Type  : Slow 1200mV 0C Model Minimum Pulse Width 'Clk50'
Slack : 9.688
TNS   : 0.000

Type  : Slow 1200mV 0C Model Minimum Pulse Width 'altera_reserved_tck'
Slack : 49.517
TNS   : 0.000

Type  : Fast 1200mV 0C Model Setup 'u_PLL50|altpll_component|auto_generated|pll1|clk[0]'
Slack : 7.503
TNS   : 0.000

Type  : Fast 1200mV 0C Model Setup 'Clk50'
Slack : 18.047
TNS   : 0.000

Type  : Fast 1200mV 0C Model Setup 'altera_reserved_tck'
Slack : 46.869
TNS   : 0.000

Type  : Fast 1200mV 0C Model Hold 'altera_reserved_tck'
Slack : 0.097
TNS   : 0.000

Type  : Fast 1200mV 0C Model Hold 'u_PLL50|altpll_component|auto_generated|pll1|clk[0]'
Slack : 0.128
TNS   : 0.000

Type  : Fast 1200mV 0C Model Hold 'Clk50'
Slack : 0.158
TNS   : 0.000

Type  : Fast 1200mV 0C Model Recovery 'u_PLL50|altpll_component|auto_generated|pll1|clk[0]'
Slack : 8.411
TNS   : 0.000

Type  : Fast 1200mV 0C Model Recovery 'altera_reserved_tck'
Slack : 97.709
TNS   : 0.000

Type  : Fast 1200mV 0C Model Removal 'altera_reserved_tck'
Slack : 0.433
TNS   : 0.000

Type  : Fast 1200mV 0C Model Removal 'u_PLL50|altpll_component|auto_generated|pll1|clk[0]'
Slack : 1.166
TNS   : 0.000

Type  : Fast 1200mV 0C Model Minimum Pulse Width 'u_PLL50|altpll_component|auto_generated|pll1|clk[0]'
Slack : 4.715
TNS   : 0.000

Type  : Fast 1200mV 0C Model Minimum Pulse Width 'Clk50'
Slack : 9.476
TNS   : 0.000

Type  : Fast 1200mV 0C Model Minimum Pulse Width 'altera_reserved_tck'
Slack : 49.387
TNS   : 0.000

------------------------------------------------------------
